// Jest Snapshot v1, https://goo.gl/fbAQLP

exports[`Footer correctly renders 1`] = `
<footer
  className="footer container"
>
  <a
    aria-current="page"
    className="footer__logo-link active"
    href="/"
    onClick={[Function]}
    style={Object {}}
  >
    <img
      alt="6 cities logo"
      className="footer__logo"
      height="33"
      src="/img/logo.svg"
      width="64"
    />
  </a>
</footer>
`;
