// Jest Snapshot v1, https://goo.gl/fbAQLP

exports[`Spinner correctly renders 1`] = `
<div
  className="lds-css ng-scope"
  style={
    Object {
      "height": "200px",
      "width": "200px",
    }
  }
>
  <div
    className="lds-gear"
    style={
      Object {
        "height": "100%",
        "width": "100%",
      }
    }
  >
    <div>
      <div />
      <div />
      <div />
      <div />
      <div />
      <div />
      <div />
      <div />
    </div>
  </div>
</div>
`;
